[2023-05-08 09:39:14,924][numexpr.utils][INFO] - Note: NumExpr detected 12 cores but "NUMEXPR_MAX_THREADS" not set, so enforcing safe limit of 8.
[2023-05-08 09:39:14,924][numexpr.utils][INFO] - NumExpr defaulting to 8 threads.
[2023-05-08 09:39:15,605][torch.distributed.nn.jit.instantiator][INFO] - Created a temporary directory at /tmp/tmpx5s_fq37
[2023-05-08 09:39:15,605][torch.distributed.nn.jit.instantiator][INFO] - Writing /tmp/tmpx5s_fq37/_remote_module_non_scriptable.py
[2023-05-08 09:42:19,878][numexpr.utils][INFO] - Note: NumExpr detected 12 cores but "NUMEXPR_MAX_THREADS" not set, so enforcing safe limit of 8.
[2023-05-08 09:42:19,878][numexpr.utils][INFO] - NumExpr defaulting to 8 threads.
[2023-05-08 09:42:20,563][torch.distributed.nn.jit.instantiator][INFO] - Created a temporary directory at /tmp/tmp7gnxc0bw
[2023-05-08 09:42:20,563][torch.distributed.nn.jit.instantiator][INFO] - Writing /tmp/tmp7gnxc0bw/_remote_module_non_scriptable.py
[2023-05-08 09:42:20,644][pytorch_lightning.utilities.migration.utils][INFO] - Lightning automatically upgraded your loaded checkpoint from v1.5.4 to v1.9.4. To apply the upgrade to your files permanently, run `python -m pytorch_lightning.utilities.upgrade_checkpoint --file LCDPNet/trained_on_ours.ckpt`
[2023-05-08 09:42:25,868][numexpr.utils][INFO] - Note: NumExpr detected 12 cores but "NUMEXPR_MAX_THREADS" not set, so enforcing safe limit of 8.
[2023-05-08 09:42:25,869][numexpr.utils][INFO] - NumExpr defaulting to 8 threads.
[2023-05-08 09:42:26,527][torch.distributed.nn.jit.instantiator][INFO] - Created a temporary directory at /tmp/tmpnl1gbua2
[2023-05-08 09:42:26,527][torch.distributed.nn.jit.instantiator][INFO] - Writing /tmp/tmpnl1gbua2/_remote_module_non_scriptable.py
[2023-05-08 09:42:26,607][pytorch_lightning.utilities.migration.utils][INFO] - Lightning automatically upgraded your loaded checkpoint from v1.5.4 to v1.9.4. To apply the upgrade to your files permanently, run `python -m pytorch_lightning.utilities.upgrade_checkpoint --file LCDPNet/trained_on_ours.ckpt`
[2023-05-08 09:44:49,214][numexpr.utils][INFO] - Note: NumExpr detected 12 cores but "NUMEXPR_MAX_THREADS" not set, so enforcing safe limit of 8.
[2023-05-08 09:44:49,214][numexpr.utils][INFO] - NumExpr defaulting to 8 threads.
[2023-05-08 09:44:49,877][torch.distributed.nn.jit.instantiator][INFO] - Created a temporary directory at /tmp/tmp3_4v30qj
[2023-05-08 09:44:49,877][torch.distributed.nn.jit.instantiator][INFO] - Writing /tmp/tmp3_4v30qj/_remote_module_non_scriptable.py
[2023-05-08 09:44:49,957][pytorch_lightning.utilities.migration.utils][INFO] - Lightning automatically upgraded your loaded checkpoint from v1.5.4 to v1.9.4. To apply the upgrade to your files permanently, run `python -m pytorch_lightning.utilities.upgrade_checkpoint --file LCDPNet/trained_on_ours.ckpt`
[2023-05-08 09:45:15,725][numexpr.utils][INFO] - Note: NumExpr detected 12 cores but "NUMEXPR_MAX_THREADS" not set, so enforcing safe limit of 8.
[2023-05-08 09:45:15,725][numexpr.utils][INFO] - NumExpr defaulting to 8 threads.
[2023-05-08 09:45:16,389][torch.distributed.nn.jit.instantiator][INFO] - Created a temporary directory at /tmp/tmppejpugjg
[2023-05-08 09:45:16,389][torch.distributed.nn.jit.instantiator][INFO] - Writing /tmp/tmppejpugjg/_remote_module_non_scriptable.py
[2023-05-08 09:45:16,469][pytorch_lightning.utilities.migration.utils][INFO] - Lightning automatically upgraded your loaded checkpoint from v1.5.4 to v1.9.4. To apply the upgrade to your files permanently, run `python -m pytorch_lightning.utilities.upgrade_checkpoint --file LCDPNet/trained_on_ours.ckpt`
[2023-05-08 09:46:49,998][numexpr.utils][INFO] - Note: NumExpr detected 12 cores but "NUMEXPR_MAX_THREADS" not set, so enforcing safe limit of 8.
[2023-05-08 09:46:49,998][numexpr.utils][INFO] - NumExpr defaulting to 8 threads.
[2023-05-08 09:46:50,647][torch.distributed.nn.jit.instantiator][INFO] - Created a temporary directory at /tmp/tmpkvsykca_
[2023-05-08 09:46:50,647][torch.distributed.nn.jit.instantiator][INFO] - Writing /tmp/tmpkvsykca_/_remote_module_non_scriptable.py
[2023-05-08 09:47:23,574][numexpr.utils][INFO] - Note: NumExpr detected 12 cores but "NUMEXPR_MAX_THREADS" not set, so enforcing safe limit of 8.
[2023-05-08 09:47:23,574][numexpr.utils][INFO] - NumExpr defaulting to 8 threads.
[2023-05-08 09:47:24,225][torch.distributed.nn.jit.instantiator][INFO] - Created a temporary directory at /tmp/tmpitf9gz57
[2023-05-08 09:47:24,225][torch.distributed.nn.jit.instantiator][INFO] - Writing /tmp/tmpitf9gz57/_remote_module_non_scriptable.py
[2023-05-08 09:47:24,307][pytorch_lightning.utilities.migration.utils][INFO] - Lightning automatically upgraded your loaded checkpoint from v1.5.4 to v1.9.4. To apply the upgrade to your files permanently, run `python -m pytorch_lightning.utilities.upgrade_checkpoint --file LCDPNet/trained_on_ours.ckpt`
[2023-05-08 09:48:12,395][numexpr.utils][INFO] - Note: NumExpr detected 12 cores but "NUMEXPR_MAX_THREADS" not set, so enforcing safe limit of 8.
[2023-05-08 09:48:12,395][numexpr.utils][INFO] - NumExpr defaulting to 8 threads.
[2023-05-08 09:48:13,050][torch.distributed.nn.jit.instantiator][INFO] - Created a temporary directory at /tmp/tmpgexdt0y5
[2023-05-08 09:48:13,050][torch.distributed.nn.jit.instantiator][INFO] - Writing /tmp/tmpgexdt0y5/_remote_module_non_scriptable.py
[2023-05-08 09:48:13,130][pytorch_lightning.utilities.migration.utils][INFO] - Lightning automatically upgraded your loaded checkpoint from v1.5.4 to v1.9.4. To apply the upgrade to your files permanently, run `python -m pytorch_lightning.utilities.upgrade_checkpoint --file LCDPNet/trained_on_ours.ckpt`
[2023-05-08 09:48:59,904][numexpr.utils][INFO] - Note: NumExpr detected 12 cores but "NUMEXPR_MAX_THREADS" not set, so enforcing safe limit of 8.
[2023-05-08 09:48:59,904][numexpr.utils][INFO] - NumExpr defaulting to 8 threads.
[2023-05-08 09:49:00,555][torch.distributed.nn.jit.instantiator][INFO] - Created a temporary directory at /tmp/tmp0bf8bw3x
[2023-05-08 09:49:00,555][torch.distributed.nn.jit.instantiator][INFO] - Writing /tmp/tmp0bf8bw3x/_remote_module_non_scriptable.py
[2023-05-08 09:49:00,634][pytorch_lightning.utilities.migration.utils][INFO] - Lightning automatically upgraded your loaded checkpoint from v1.5.4 to v1.9.4. To apply the upgrade to your files permanently, run `python -m pytorch_lightning.utilities.upgrade_checkpoint --file LCDPNet/trained_on_ours.ckpt`
[2023-05-08 09:49:50,524][numexpr.utils][INFO] - Note: NumExpr detected 12 cores but "NUMEXPR_MAX_THREADS" not set, so enforcing safe limit of 8.
[2023-05-08 09:49:50,524][numexpr.utils][INFO] - NumExpr defaulting to 8 threads.
[2023-05-08 09:49:51,177][torch.distributed.nn.jit.instantiator][INFO] - Created a temporary directory at /tmp/tmpvjx9jx24
[2023-05-08 09:49:51,177][torch.distributed.nn.jit.instantiator][INFO] - Writing /tmp/tmpvjx9jx24/_remote_module_non_scriptable.py
[2023-05-08 09:49:51,258][pytorch_lightning.utilities.migration.utils][INFO] - Lightning automatically upgraded your loaded checkpoint from v1.5.4 to v1.9.4. To apply the upgrade to your files permanently, run `python -m pytorch_lightning.utilities.upgrade_checkpoint --file LCDPNet/trained_on_ours.ckpt`
[2023-05-08 09:50:17,411][numexpr.utils][INFO] - Note: NumExpr detected 12 cores but "NUMEXPR_MAX_THREADS" not set, so enforcing safe limit of 8.
[2023-05-08 09:50:17,411][numexpr.utils][INFO] - NumExpr defaulting to 8 threads.
[2023-05-08 09:50:18,065][torch.distributed.nn.jit.instantiator][INFO] - Created a temporary directory at /tmp/tmpmz3rlwhq
[2023-05-08 09:50:18,065][torch.distributed.nn.jit.instantiator][INFO] - Writing /tmp/tmpmz3rlwhq/_remote_module_non_scriptable.py
[2023-05-08 09:50:18,145][pytorch_lightning.utilities.migration.utils][INFO] - Lightning automatically upgraded your loaded checkpoint from v1.5.4 to v1.9.4. To apply the upgrade to your files permanently, run `python -m pytorch_lightning.utilities.upgrade_checkpoint --file LCDPNet/trained_on_ours.ckpt`
[2023-05-08 09:50:45,296][numexpr.utils][INFO] - Note: NumExpr detected 12 cores but "NUMEXPR_MAX_THREADS" not set, so enforcing safe limit of 8.
[2023-05-08 09:50:45,296][numexpr.utils][INFO] - NumExpr defaulting to 8 threads.
[2023-05-08 09:50:45,972][torch.distributed.nn.jit.instantiator][INFO] - Created a temporary directory at /tmp/tmptj71ius9
[2023-05-08 09:50:45,972][torch.distributed.nn.jit.instantiator][INFO] - Writing /tmp/tmptj71ius9/_remote_module_non_scriptable.py
[2023-05-08 09:50:46,053][pytorch_lightning.utilities.migration.utils][INFO] - Lightning automatically upgraded your loaded checkpoint from v1.5.4 to v1.9.4. To apply the upgrade to your files permanently, run `python -m pytorch_lightning.utilities.upgrade_checkpoint --file LCDPNet/trained_on_ours.ckpt`
[2023-05-08 09:51:50,113][numexpr.utils][INFO] - Note: NumExpr detected 12 cores but "NUMEXPR_MAX_THREADS" not set, so enforcing safe limit of 8.
[2023-05-08 09:51:50,113][numexpr.utils][INFO] - NumExpr defaulting to 8 threads.
[2023-05-08 09:51:50,795][torch.distributed.nn.jit.instantiator][INFO] - Created a temporary directory at /tmp/tmptrkuik73
[2023-05-08 09:51:50,796][torch.distributed.nn.jit.instantiator][INFO] - Writing /tmp/tmptrkuik73/_remote_module_non_scriptable.py
[2023-05-08 09:51:50,875][pytorch_lightning.utilities.migration.utils][INFO] - Lightning automatically upgraded your loaded checkpoint from v1.5.4 to v1.9.4. To apply the upgrade to your files permanently, run `python -m pytorch_lightning.utilities.upgrade_checkpoint --file LCDPNet/trained_on_ours.ckpt`
[2023-05-08 09:52:41,449][numexpr.utils][INFO] - Note: NumExpr detected 12 cores but "NUMEXPR_MAX_THREADS" not set, so enforcing safe limit of 8.
[2023-05-08 09:52:41,449][numexpr.utils][INFO] - NumExpr defaulting to 8 threads.
[2023-05-08 09:52:42,123][torch.distributed.nn.jit.instantiator][INFO] - Created a temporary directory at /tmp/tmpoj05xft7
[2023-05-08 09:52:42,124][torch.distributed.nn.jit.instantiator][INFO] - Writing /tmp/tmpoj05xft7/_remote_module_non_scriptable.py
[2023-05-08 09:52:42,205][pytorch_lightning.utilities.migration.utils][INFO] - Lightning automatically upgraded your loaded checkpoint from v1.5.4 to v1.9.4. To apply the upgrade to your files permanently, run `python -m pytorch_lightning.utilities.upgrade_checkpoint --file LCDPNet/trained_on_ours.ckpt`
[2023-05-08 09:52:57,646][numexpr.utils][INFO] - Note: NumExpr detected 12 cores but "NUMEXPR_MAX_THREADS" not set, so enforcing safe limit of 8.
[2023-05-08 09:52:57,646][numexpr.utils][INFO] - NumExpr defaulting to 8 threads.
[2023-05-08 09:52:58,316][torch.distributed.nn.jit.instantiator][INFO] - Created a temporary directory at /tmp/tmp15iaen5s
[2023-05-08 09:52:58,316][torch.distributed.nn.jit.instantiator][INFO] - Writing /tmp/tmp15iaen5s/_remote_module_non_scriptable.py
[2023-05-08 09:52:58,396][pytorch_lightning.utilities.migration.utils][INFO] - Lightning automatically upgraded your loaded checkpoint from v1.5.4 to v1.9.4. To apply the upgrade to your files permanently, run `python -m pytorch_lightning.utilities.upgrade_checkpoint --file LCDPNet/trained_on_ours.ckpt`
[2023-05-08 09:54:16,760][numexpr.utils][INFO] - Note: NumExpr detected 12 cores but "NUMEXPR_MAX_THREADS" not set, so enforcing safe limit of 8.
[2023-05-08 09:54:16,760][numexpr.utils][INFO] - NumExpr defaulting to 8 threads.
[2023-05-08 09:54:17,446][torch.distributed.nn.jit.instantiator][INFO] - Created a temporary directory at /tmp/tmpydq0yng3
[2023-05-08 09:54:17,446][torch.distributed.nn.jit.instantiator][INFO] - Writing /tmp/tmpydq0yng3/_remote_module_non_scriptable.py
[2023-05-08 09:54:17,528][pytorch_lightning.utilities.migration.utils][INFO] - Lightning automatically upgraded your loaded checkpoint from v1.5.4 to v1.9.4. To apply the upgrade to your files permanently, run `python -m pytorch_lightning.utilities.upgrade_checkpoint --file LCDPNet/trained_on_ours.ckpt`
[2023-05-08 09:54:53,856][numexpr.utils][INFO] - Note: NumExpr detected 12 cores but "NUMEXPR_MAX_THREADS" not set, so enforcing safe limit of 8.
[2023-05-08 09:54:53,856][numexpr.utils][INFO] - NumExpr defaulting to 8 threads.
[2023-05-08 09:54:54,552][torch.distributed.nn.jit.instantiator][INFO] - Created a temporary directory at /tmp/tmph8vs2lbt
[2023-05-08 09:54:54,552][torch.distributed.nn.jit.instantiator][INFO] - Writing /tmp/tmph8vs2lbt/_remote_module_non_scriptable.py
[2023-05-08 09:54:54,637][pytorch_lightning.utilities.migration.utils][INFO] - Lightning automatically upgraded your loaded checkpoint from v1.5.4 to v1.9.4. To apply the upgrade to your files permanently, run `python -m pytorch_lightning.utilities.upgrade_checkpoint --file LCDPNet/trained_on_ours.ckpt`
[2023-05-08 09:55:40,202][numexpr.utils][INFO] - Note: NumExpr detected 12 cores but "NUMEXPR_MAX_THREADS" not set, so enforcing safe limit of 8.
[2023-05-08 09:55:40,202][numexpr.utils][INFO] - NumExpr defaulting to 8 threads.
[2023-05-08 09:55:40,873][torch.distributed.nn.jit.instantiator][INFO] - Created a temporary directory at /tmp/tmpffj0k12y
[2023-05-08 09:55:40,873][torch.distributed.nn.jit.instantiator][INFO] - Writing /tmp/tmpffj0k12y/_remote_module_non_scriptable.py
[2023-05-08 09:55:40,955][pytorch_lightning.utilities.migration.utils][INFO] - Lightning automatically upgraded your loaded checkpoint from v1.5.4 to v1.9.4. To apply the upgrade to your files permanently, run `python -m pytorch_lightning.utilities.upgrade_checkpoint --file LCDPNet/trained_on_ours.ckpt`
[2023-05-08 09:57:31,358][numexpr.utils][INFO] - Note: NumExpr detected 12 cores but "NUMEXPR_MAX_THREADS" not set, so enforcing safe limit of 8.
[2023-05-08 09:57:31,358][numexpr.utils][INFO] - NumExpr defaulting to 8 threads.
[2023-05-08 09:57:32,041][torch.distributed.nn.jit.instantiator][INFO] - Created a temporary directory at /tmp/tmpxxm5vqsn
[2023-05-08 09:57:32,041][torch.distributed.nn.jit.instantiator][INFO] - Writing /tmp/tmpxxm5vqsn/_remote_module_non_scriptable.py
[2023-05-08 09:57:32,121][pytorch_lightning.utilities.migration.utils][INFO] - Lightning automatically upgraded your loaded checkpoint from v1.5.4 to v1.9.4. To apply the upgrade to your files permanently, run `python -m pytorch_lightning.utilities.upgrade_checkpoint --file LCDPNet/trained_on_ours.ckpt`
[2023-05-08 09:57:42,921][numexpr.utils][INFO] - Note: NumExpr detected 12 cores but "NUMEXPR_MAX_THREADS" not set, so enforcing safe limit of 8.
[2023-05-08 09:57:42,921][numexpr.utils][INFO] - NumExpr defaulting to 8 threads.
[2023-05-08 09:57:43,596][torch.distributed.nn.jit.instantiator][INFO] - Created a temporary directory at /tmp/tmphiafwug_
[2023-05-08 09:57:43,596][torch.distributed.nn.jit.instantiator][INFO] - Writing /tmp/tmphiafwug_/_remote_module_non_scriptable.py
[2023-05-08 09:57:43,677][pytorch_lightning.utilities.migration.utils][INFO] - Lightning automatically upgraded your loaded checkpoint from v1.5.4 to v1.9.4. To apply the upgrade to your files permanently, run `python -m pytorch_lightning.utilities.upgrade_checkpoint --file LCDPNet/trained_on_ours.ckpt`
[2023-05-08 09:58:06,691][numexpr.utils][INFO] - Note: NumExpr detected 12 cores but "NUMEXPR_MAX_THREADS" not set, so enforcing safe limit of 8.
[2023-05-08 09:58:06,691][numexpr.utils][INFO] - NumExpr defaulting to 8 threads.
[2023-05-08 09:58:07,370][torch.distributed.nn.jit.instantiator][INFO] - Created a temporary directory at /tmp/tmp7z2cseop
[2023-05-08 09:58:07,370][torch.distributed.nn.jit.instantiator][INFO] - Writing /tmp/tmp7z2cseop/_remote_module_non_scriptable.py
[2023-05-08 09:58:07,450][pytorch_lightning.utilities.migration.utils][INFO] - Lightning automatically upgraded your loaded checkpoint from v1.5.4 to v1.9.4. To apply the upgrade to your files permanently, run `python -m pytorch_lightning.utilities.upgrade_checkpoint --file LCDPNet/trained_on_ours.ckpt`
[2023-05-08 09:58:19,835][numexpr.utils][INFO] - Note: NumExpr detected 12 cores but "NUMEXPR_MAX_THREADS" not set, so enforcing safe limit of 8.
[2023-05-08 09:58:19,836][numexpr.utils][INFO] - NumExpr defaulting to 8 threads.
[2023-05-08 09:58:20,567][torch.distributed.nn.jit.instantiator][INFO] - Created a temporary directory at /tmp/tmprmuey08q
[2023-05-08 09:58:20,567][torch.distributed.nn.jit.instantiator][INFO] - Writing /tmp/tmprmuey08q/_remote_module_non_scriptable.py
[2023-05-08 09:58:20,683][pytorch_lightning.utilities.migration.utils][INFO] - Lightning automatically upgraded your loaded checkpoint from v1.5.4 to v1.9.4. To apply the upgrade to your files permanently, run `python -m pytorch_lightning.utilities.upgrade_checkpoint --file LCDPNet/trained_on_ours.ckpt`
[2023-05-08 09:58:58,729][numexpr.utils][INFO] - Note: NumExpr detected 12 cores but "NUMEXPR_MAX_THREADS" not set, so enforcing safe limit of 8.
[2023-05-08 09:58:58,729][numexpr.utils][INFO] - NumExpr defaulting to 8 threads.
[2023-05-08 09:58:59,420][torch.distributed.nn.jit.instantiator][INFO] - Created a temporary directory at /tmp/tmpoa85dxg3
[2023-05-08 09:58:59,421][torch.distributed.nn.jit.instantiator][INFO] - Writing /tmp/tmpoa85dxg3/_remote_module_non_scriptable.py
[2023-05-08 09:58:59,502][pytorch_lightning.utilities.migration.utils][INFO] - Lightning automatically upgraded your loaded checkpoint from v1.5.4 to v1.9.4. To apply the upgrade to your files permanently, run `python -m pytorch_lightning.utilities.upgrade_checkpoint --file LCDPNet/trained_on_ours.ckpt`
[2023-05-08 09:59:13,420][numexpr.utils][INFO] - Note: NumExpr detected 12 cores but "NUMEXPR_MAX_THREADS" not set, so enforcing safe limit of 8.
[2023-05-08 09:59:13,420][numexpr.utils][INFO] - NumExpr defaulting to 8 threads.
[2023-05-08 09:59:14,098][torch.distributed.nn.jit.instantiator][INFO] - Created a temporary directory at /tmp/tmpmuj4xoou
[2023-05-08 09:59:14,098][torch.distributed.nn.jit.instantiator][INFO] - Writing /tmp/tmpmuj4xoou/_remote_module_non_scriptable.py
[2023-05-08 09:59:14,178][pytorch_lightning.utilities.migration.utils][INFO] - Lightning automatically upgraded your loaded checkpoint from v1.5.4 to v1.9.4. To apply the upgrade to your files permanently, run `python -m pytorch_lightning.utilities.upgrade_checkpoint --file LCDPNet/trained_on_ours.ckpt`
[2023-05-08 09:59:14,825][pytorch_lightning.utilities.migration.utils][INFO] - Lightning automatically upgraded your loaded checkpoint from v1.5.4 to v1.9.4. To apply the upgrade to your files permanently, run `python -m pytorch_lightning.utilities.upgrade_checkpoint --file LCDPNet/trained_on_ours.ckpt`
[2023-05-08 09:59:15,478][pytorch_lightning.utilities.migration.utils][INFO] - Lightning automatically upgraded your loaded checkpoint from v1.5.4 to v1.9.4. To apply the upgrade to your files permanently, run `python -m pytorch_lightning.utilities.upgrade_checkpoint --file LCDPNet/trained_on_ours.ckpt`
[2023-05-08 09:59:16,140][pytorch_lightning.utilities.migration.utils][INFO] - Lightning automatically upgraded your loaded checkpoint from v1.5.4 to v1.9.4. To apply the upgrade to your files permanently, run `python -m pytorch_lightning.utilities.upgrade_checkpoint --file LCDPNet/trained_on_ours.ckpt`
[2023-05-08 09:59:17,892][pytorch_lightning.utilities.migration.utils][INFO] - Lightning automatically upgraded your loaded checkpoint from v1.5.4 to v1.9.4. To apply the upgrade to your files permanently, run `python -m pytorch_lightning.utilities.upgrade_checkpoint --file LCDPNet/trained_on_ours.ckpt`
[2023-05-08 09:59:19,530][pytorch_lightning.utilities.migration.utils][INFO] - Lightning automatically upgraded your loaded checkpoint from v1.5.4 to v1.9.4. To apply the upgrade to your files permanently, run `python -m pytorch_lightning.utilities.upgrade_checkpoint --file LCDPNet/trained_on_ours.ckpt`
[2023-05-08 09:59:21,133][pytorch_lightning.utilities.migration.utils][INFO] - Lightning automatically upgraded your loaded checkpoint from v1.5.4 to v1.9.4. To apply the upgrade to your files permanently, run `python -m pytorch_lightning.utilities.upgrade_checkpoint --file LCDPNet/trained_on_ours.ckpt`
[2023-05-08 09:59:21,980][pytorch_lightning.utilities.migration.utils][INFO] - Lightning automatically upgraded your loaded checkpoint from v1.5.4 to v1.9.4. To apply the upgrade to your files permanently, run `python -m pytorch_lightning.utilities.upgrade_checkpoint --file LCDPNet/trained_on_ours.ckpt`
[2023-05-08 09:59:23,528][pytorch_lightning.utilities.migration.utils][INFO] - Lightning automatically upgraded your loaded checkpoint from v1.5.4 to v1.9.4. To apply the upgrade to your files permanently, run `python -m pytorch_lightning.utilities.upgrade_checkpoint --file LCDPNet/trained_on_ours.ckpt`
[2023-05-08 09:59:24,721][pytorch_lightning.utilities.migration.utils][INFO] - Lightning automatically upgraded your loaded checkpoint from v1.5.4 to v1.9.4. To apply the upgrade to your files permanently, run `python -m pytorch_lightning.utilities.upgrade_checkpoint --file LCDPNet/trained_on_ours.ckpt`
[2023-05-08 09:59:25,887][pytorch_lightning.utilities.migration.utils][INFO] - Lightning automatically upgraded your loaded checkpoint from v1.6.5 to v1.9.4. To apply the upgrade to your files permanently, run `python -m pytorch_lightning.utilities.upgrade_checkpoint --file LCDPNet/trained_on_MSEC.ckpt`
[2023-05-08 09:59:26,542][pytorch_lightning.utilities.migration.utils][INFO] - Lightning automatically upgraded your loaded checkpoint from v1.6.5 to v1.9.4. To apply the upgrade to your files permanently, run `python -m pytorch_lightning.utilities.upgrade_checkpoint --file LCDPNet/trained_on_MSEC.ckpt`
[2023-05-08 09:59:27,205][pytorch_lightning.utilities.migration.utils][INFO] - Lightning automatically upgraded your loaded checkpoint from v1.6.5 to v1.9.4. To apply the upgrade to your files permanently, run `python -m pytorch_lightning.utilities.upgrade_checkpoint --file LCDPNet/trained_on_MSEC.ckpt`
[2023-05-08 09:59:27,886][pytorch_lightning.utilities.migration.utils][INFO] - Lightning automatically upgraded your loaded checkpoint from v1.6.5 to v1.9.4. To apply the upgrade to your files permanently, run `python -m pytorch_lightning.utilities.upgrade_checkpoint --file LCDPNet/trained_on_MSEC.ckpt`
[2023-05-08 09:59:29,464][pytorch_lightning.utilities.migration.utils][INFO] - Lightning automatically upgraded your loaded checkpoint from v1.6.5 to v1.9.4. To apply the upgrade to your files permanently, run `python -m pytorch_lightning.utilities.upgrade_checkpoint --file LCDPNet/trained_on_MSEC.ckpt`
[2023-05-08 09:59:31,072][pytorch_lightning.utilities.migration.utils][INFO] - Lightning automatically upgraded your loaded checkpoint from v1.6.5 to v1.9.4. To apply the upgrade to your files permanently, run `python -m pytorch_lightning.utilities.upgrade_checkpoint --file LCDPNet/trained_on_MSEC.ckpt`
[2023-05-08 09:59:32,684][pytorch_lightning.utilities.migration.utils][INFO] - Lightning automatically upgraded your loaded checkpoint from v1.6.5 to v1.9.4. To apply the upgrade to your files permanently, run `python -m pytorch_lightning.utilities.upgrade_checkpoint --file LCDPNet/trained_on_MSEC.ckpt`
[2023-05-08 09:59:33,431][pytorch_lightning.utilities.migration.utils][INFO] - Lightning automatically upgraded your loaded checkpoint from v1.6.5 to v1.9.4. To apply the upgrade to your files permanently, run `python -m pytorch_lightning.utilities.upgrade_checkpoint --file LCDPNet/trained_on_MSEC.ckpt`
[2023-05-08 09:59:34,983][pytorch_lightning.utilities.migration.utils][INFO] - Lightning automatically upgraded your loaded checkpoint from v1.6.5 to v1.9.4. To apply the upgrade to your files permanently, run `python -m pytorch_lightning.utilities.upgrade_checkpoint --file LCDPNet/trained_on_MSEC.ckpt`
[2023-05-08 09:59:36,308][pytorch_lightning.utilities.migration.utils][INFO] - Lightning automatically upgraded your loaded checkpoint from v1.6.5 to v1.9.4. To apply the upgrade to your files permanently, run `python -m pytorch_lightning.utilities.upgrade_checkpoint --file LCDPNet/trained_on_MSEC.ckpt`
[2023-05-08 10:00:26,649][numexpr.utils][INFO] - Note: NumExpr detected 12 cores but "NUMEXPR_MAX_THREADS" not set, so enforcing safe limit of 8.
[2023-05-08 10:00:26,649][numexpr.utils][INFO] - NumExpr defaulting to 8 threads.
[2023-05-08 10:00:27,621][torch.distributed.nn.jit.instantiator][INFO] - Created a temporary directory at /tmp/tmpxz_jujza
[2023-05-08 10:00:27,621][torch.distributed.nn.jit.instantiator][INFO] - Writing /tmp/tmpxz_jujza/_remote_module_non_scriptable.py
[2023-05-08 10:00:27,720][pytorch_lightning.utilities.migration.utils][INFO] - Lightning automatically upgraded your loaded checkpoint from v1.5.4 to v1.9.4. To apply the upgrade to your files permanently, run `python -m pytorch_lightning.utilities.upgrade_checkpoint --file LCDPNet/trained_on_ours.ckpt`
[2023-05-08 10:00:28,372][pytorch_lightning.utilities.migration.utils][INFO] - Lightning automatically upgraded your loaded checkpoint from v1.5.4 to v1.9.4. To apply the upgrade to your files permanently, run `python -m pytorch_lightning.utilities.upgrade_checkpoint --file LCDPNet/trained_on_ours.ckpt`
[2023-05-08 10:00:29,005][pytorch_lightning.utilities.migration.utils][INFO] - Lightning automatically upgraded your loaded checkpoint from v1.5.4 to v1.9.4. To apply the upgrade to your files permanently, run `python -m pytorch_lightning.utilities.upgrade_checkpoint --file LCDPNet/trained_on_ours.ckpt`
[2023-05-08 10:00:29,650][pytorch_lightning.utilities.migration.utils][INFO] - Lightning automatically upgraded your loaded checkpoint from v1.5.4 to v1.9.4. To apply the upgrade to your files permanently, run `python -m pytorch_lightning.utilities.upgrade_checkpoint --file LCDPNet/trained_on_ours.ckpt`
[2023-05-08 10:00:31,082][pytorch_lightning.utilities.migration.utils][INFO] - Lightning automatically upgraded your loaded checkpoint from v1.5.4 to v1.9.4. To apply the upgrade to your files permanently, run `python -m pytorch_lightning.utilities.upgrade_checkpoint --file LCDPNet/trained_on_ours.ckpt`
[2023-05-08 10:00:32,561][pytorch_lightning.utilities.migration.utils][INFO] - Lightning automatically upgraded your loaded checkpoint from v1.5.4 to v1.9.4. To apply the upgrade to your files permanently, run `python -m pytorch_lightning.utilities.upgrade_checkpoint --file LCDPNet/trained_on_ours.ckpt`
[2023-05-08 10:00:34,229][pytorch_lightning.utilities.migration.utils][INFO] - Lightning automatically upgraded your loaded checkpoint from v1.5.4 to v1.9.4. To apply the upgrade to your files permanently, run `python -m pytorch_lightning.utilities.upgrade_checkpoint --file LCDPNet/trained_on_ours.ckpt`
[2023-05-08 10:00:34,918][pytorch_lightning.utilities.migration.utils][INFO] - Lightning automatically upgraded your loaded checkpoint from v1.5.4 to v1.9.4. To apply the upgrade to your files permanently, run `python -m pytorch_lightning.utilities.upgrade_checkpoint --file LCDPNet/trained_on_ours.ckpt`
[2023-05-08 10:00:36,390][pytorch_lightning.utilities.migration.utils][INFO] - Lightning automatically upgraded your loaded checkpoint from v1.5.4 to v1.9.4. To apply the upgrade to your files permanently, run `python -m pytorch_lightning.utilities.upgrade_checkpoint --file LCDPNet/trained_on_ours.ckpt`
[2023-05-08 10:00:37,502][pytorch_lightning.utilities.migration.utils][INFO] - Lightning automatically upgraded your loaded checkpoint from v1.5.4 to v1.9.4. To apply the upgrade to your files permanently, run `python -m pytorch_lightning.utilities.upgrade_checkpoint --file LCDPNet/trained_on_ours.ckpt`
[2023-05-08 10:00:38,579][pytorch_lightning.utilities.migration.utils][INFO] - Lightning automatically upgraded your loaded checkpoint from v1.6.5 to v1.9.4. To apply the upgrade to your files permanently, run `python -m pytorch_lightning.utilities.upgrade_checkpoint --file LCDPNet/trained_on_MSEC.ckpt`
[2023-05-08 10:00:39,187][pytorch_lightning.utilities.migration.utils][INFO] - Lightning automatically upgraded your loaded checkpoint from v1.6.5 to v1.9.4. To apply the upgrade to your files permanently, run `python -m pytorch_lightning.utilities.upgrade_checkpoint --file LCDPNet/trained_on_MSEC.ckpt`
[2023-05-08 10:00:39,804][pytorch_lightning.utilities.migration.utils][INFO] - Lightning automatically upgraded your loaded checkpoint from v1.6.5 to v1.9.4. To apply the upgrade to your files permanently, run `python -m pytorch_lightning.utilities.upgrade_checkpoint --file LCDPNet/trained_on_MSEC.ckpt`
[2023-05-08 10:00:40,423][pytorch_lightning.utilities.migration.utils][INFO] - Lightning automatically upgraded your loaded checkpoint from v1.6.5 to v1.9.4. To apply the upgrade to your files permanently, run `python -m pytorch_lightning.utilities.upgrade_checkpoint --file LCDPNet/trained_on_MSEC.ckpt`
[2023-05-08 10:00:41,844][pytorch_lightning.utilities.migration.utils][INFO] - Lightning automatically upgraded your loaded checkpoint from v1.6.5 to v1.9.4. To apply the upgrade to your files permanently, run `python -m pytorch_lightning.utilities.upgrade_checkpoint --file LCDPNet/trained_on_MSEC.ckpt`
[2023-05-08 10:00:43,278][pytorch_lightning.utilities.migration.utils][INFO] - Lightning automatically upgraded your loaded checkpoint from v1.6.5 to v1.9.4. To apply the upgrade to your files permanently, run `python -m pytorch_lightning.utilities.upgrade_checkpoint --file LCDPNet/trained_on_MSEC.ckpt`
[2023-05-08 10:00:44,722][pytorch_lightning.utilities.migration.utils][INFO] - Lightning automatically upgraded your loaded checkpoint from v1.6.5 to v1.9.4. To apply the upgrade to your files permanently, run `python -m pytorch_lightning.utilities.upgrade_checkpoint --file LCDPNet/trained_on_MSEC.ckpt`
[2023-05-08 10:00:45,411][pytorch_lightning.utilities.migration.utils][INFO] - Lightning automatically upgraded your loaded checkpoint from v1.6.5 to v1.9.4. To apply the upgrade to your files permanently, run `python -m pytorch_lightning.utilities.upgrade_checkpoint --file LCDPNet/trained_on_MSEC.ckpt`
[2023-05-08 10:00:46,715][pytorch_lightning.utilities.migration.utils][INFO] - Lightning automatically upgraded your loaded checkpoint from v1.6.5 to v1.9.4. To apply the upgrade to your files permanently, run `python -m pytorch_lightning.utilities.upgrade_checkpoint --file LCDPNet/trained_on_MSEC.ckpt`
[2023-05-08 10:00:47,933][pytorch_lightning.utilities.migration.utils][INFO] - Lightning automatically upgraded your loaded checkpoint from v1.6.5 to v1.9.4. To apply the upgrade to your files permanently, run `python -m pytorch_lightning.utilities.upgrade_checkpoint --file LCDPNet/trained_on_MSEC.ckpt`
[2023-05-08 10:05:01,753][numexpr.utils][INFO] - Note: NumExpr detected 12 cores but "NUMEXPR_MAX_THREADS" not set, so enforcing safe limit of 8.
[2023-05-08 10:05:01,754][numexpr.utils][INFO] - NumExpr defaulting to 8 threads.
[2023-05-08 10:05:02,435][torch.distributed.nn.jit.instantiator][INFO] - Created a temporary directory at /tmp/tmpuj3845ty
[2023-05-08 10:05:02,435][torch.distributed.nn.jit.instantiator][INFO] - Writing /tmp/tmpuj3845ty/_remote_module_non_scriptable.py
[2023-05-08 10:05:02,515][pytorch_lightning.utilities.migration.utils][INFO] - Lightning automatically upgraded your loaded checkpoint from v1.5.4 to v1.9.4. To apply the upgrade to your files permanently, run `python -m pytorch_lightning.utilities.upgrade_checkpoint --file LCDPNet/trained_on_ours.ckpt`
[2023-05-08 10:05:03,153][pytorch_lightning.utilities.migration.utils][INFO] - Lightning automatically upgraded your loaded checkpoint from v1.5.4 to v1.9.4. To apply the upgrade to your files permanently, run `python -m pytorch_lightning.utilities.upgrade_checkpoint --file LCDPNet/trained_on_ours.ckpt`
[2023-05-08 10:05:03,774][pytorch_lightning.utilities.migration.utils][INFO] - Lightning automatically upgraded your loaded checkpoint from v1.5.4 to v1.9.4. To apply the upgrade to your files permanently, run `python -m pytorch_lightning.utilities.upgrade_checkpoint --file LCDPNet/trained_on_ours.ckpt`
[2023-05-08 10:05:04,391][pytorch_lightning.utilities.migration.utils][INFO] - Lightning automatically upgraded your loaded checkpoint from v1.5.4 to v1.9.4. To apply the upgrade to your files permanently, run `python -m pytorch_lightning.utilities.upgrade_checkpoint --file LCDPNet/trained_on_ours.ckpt`
[2023-05-08 10:05:05,802][pytorch_lightning.utilities.migration.utils][INFO] - Lightning automatically upgraded your loaded checkpoint from v1.5.4 to v1.9.4. To apply the upgrade to your files permanently, run `python -m pytorch_lightning.utilities.upgrade_checkpoint --file LCDPNet/trained_on_ours.ckpt`
[2023-05-08 10:05:07,327][pytorch_lightning.utilities.migration.utils][INFO] - Lightning automatically upgraded your loaded checkpoint from v1.5.4 to v1.9.4. To apply the upgrade to your files permanently, run `python -m pytorch_lightning.utilities.upgrade_checkpoint --file LCDPNet/trained_on_ours.ckpt`
[2023-05-08 10:05:08,739][pytorch_lightning.utilities.migration.utils][INFO] - Lightning automatically upgraded your loaded checkpoint from v1.5.4 to v1.9.4. To apply the upgrade to your files permanently, run `python -m pytorch_lightning.utilities.upgrade_checkpoint --file LCDPNet/trained_on_ours.ckpt`
[2023-05-08 10:05:09,411][pytorch_lightning.utilities.migration.utils][INFO] - Lightning automatically upgraded your loaded checkpoint from v1.5.4 to v1.9.4. To apply the upgrade to your files permanently, run `python -m pytorch_lightning.utilities.upgrade_checkpoint --file LCDPNet/trained_on_ours.ckpt`
[2023-05-08 10:05:10,999][pytorch_lightning.utilities.migration.utils][INFO] - Lightning automatically upgraded your loaded checkpoint from v1.5.4 to v1.9.4. To apply the upgrade to your files permanently, run `python -m pytorch_lightning.utilities.upgrade_checkpoint --file LCDPNet/trained_on_ours.ckpt`
[2023-05-08 10:05:12,309][pytorch_lightning.utilities.migration.utils][INFO] - Lightning automatically upgraded your loaded checkpoint from v1.5.4 to v1.9.4. To apply the upgrade to your files permanently, run `python -m pytorch_lightning.utilities.upgrade_checkpoint --file LCDPNet/trained_on_ours.ckpt`
[2023-05-08 10:05:13,414][pytorch_lightning.utilities.migration.utils][INFO] - Lightning automatically upgraded your loaded checkpoint from v1.6.5 to v1.9.4. To apply the upgrade to your files permanently, run `python -m pytorch_lightning.utilities.upgrade_checkpoint --file LCDPNet/trained_on_MSEC.ckpt`
[2023-05-08 10:05:14,848][pytorch_lightning.utilities.migration.utils][INFO] - Lightning automatically upgraded your loaded checkpoint from v1.6.5 to v1.9.4. To apply the upgrade to your files permanently, run `python -m pytorch_lightning.utilities.upgrade_checkpoint --file LCDPNet/trained_on_MSEC.ckpt`
[2023-05-08 10:05:15,544][pytorch_lightning.utilities.migration.utils][INFO] - Lightning automatically upgraded your loaded checkpoint from v1.6.5 to v1.9.4. To apply the upgrade to your files permanently, run `python -m pytorch_lightning.utilities.upgrade_checkpoint --file LCDPNet/trained_on_MSEC.ckpt`
[2023-05-08 10:05:16,952][pytorch_lightning.utilities.migration.utils][INFO] - Lightning automatically upgraded your loaded checkpoint from v1.6.5 to v1.9.4. To apply the upgrade to your files permanently, run `python -m pytorch_lightning.utilities.upgrade_checkpoint --file LCDPNet/trained_on_MSEC.ckpt`
[2023-05-08 10:05:18,032][pytorch_lightning.utilities.migration.utils][INFO] - Lightning automatically upgraded your loaded checkpoint from v1.6.5 to v1.9.4. To apply the upgrade to your files permanently, run `python -m pytorch_lightning.utilities.upgrade_checkpoint --file LCDPNet/trained_on_MSEC.ckpt`
[2023-05-08 10:09:04,582][numexpr.utils][INFO] - Note: NumExpr detected 12 cores but "NUMEXPR_MAX_THREADS" not set, so enforcing safe limit of 8.
[2023-05-08 10:09:04,582][numexpr.utils][INFO] - NumExpr defaulting to 8 threads.
[2023-05-08 10:09:05,279][torch.distributed.nn.jit.instantiator][INFO] - Created a temporary directory at /tmp/tmprmu8t218
[2023-05-08 10:09:05,280][torch.distributed.nn.jit.instantiator][INFO] - Writing /tmp/tmprmu8t218/_remote_module_non_scriptable.py
[2023-05-08 10:09:05,361][pytorch_lightning.utilities.migration.utils][INFO] - Lightning automatically upgraded your loaded checkpoint from v1.5.4 to v1.9.4. To apply the upgrade to your files permanently, run `python -m pytorch_lightning.utilities.upgrade_checkpoint --file LCDPNet/trained_on_ours.ckpt`
[2023-05-08 10:09:06,153][pytorch_lightning.utilities.migration.utils][INFO] - Lightning automatically upgraded your loaded checkpoint from v1.5.4 to v1.9.4. To apply the upgrade to your files permanently, run `python -m pytorch_lightning.utilities.upgrade_checkpoint --file LCDPNet/trained_on_ours.ckpt`
[2023-05-08 10:09:06,777][pytorch_lightning.utilities.migration.utils][INFO] - Lightning automatically upgraded your loaded checkpoint from v1.5.4 to v1.9.4. To apply the upgrade to your files permanently, run `python -m pytorch_lightning.utilities.upgrade_checkpoint --file LCDPNet/trained_on_ours.ckpt`
[2023-05-08 10:09:07,418][pytorch_lightning.utilities.migration.utils][INFO] - Lightning automatically upgraded your loaded checkpoint from v1.5.4 to v1.9.4. To apply the upgrade to your files permanently, run `python -m pytorch_lightning.utilities.upgrade_checkpoint --file LCDPNet/trained_on_ours.ckpt`
[2023-05-08 10:09:08,982][pytorch_lightning.utilities.migration.utils][INFO] - Lightning automatically upgraded your loaded checkpoint from v1.5.4 to v1.9.4. To apply the upgrade to your files permanently, run `python -m pytorch_lightning.utilities.upgrade_checkpoint --file LCDPNet/trained_on_ours.ckpt`
[2023-05-08 10:09:10,476][pytorch_lightning.utilities.migration.utils][INFO] - Lightning automatically upgraded your loaded checkpoint from v1.5.4 to v1.9.4. To apply the upgrade to your files permanently, run `python -m pytorch_lightning.utilities.upgrade_checkpoint --file LCDPNet/trained_on_ours.ckpt`
[2023-05-08 10:09:11,901][pytorch_lightning.utilities.migration.utils][INFO] - Lightning automatically upgraded your loaded checkpoint from v1.5.4 to v1.9.4. To apply the upgrade to your files permanently, run `python -m pytorch_lightning.utilities.upgrade_checkpoint --file LCDPNet/trained_on_ours.ckpt`
[2023-05-08 10:09:12,661][pytorch_lightning.utilities.migration.utils][INFO] - Lightning automatically upgraded your loaded checkpoint from v1.5.4 to v1.9.4. To apply the upgrade to your files permanently, run `python -m pytorch_lightning.utilities.upgrade_checkpoint --file LCDPNet/trained_on_ours.ckpt`
[2023-05-08 10:09:14,234][pytorch_lightning.utilities.migration.utils][INFO] - Lightning automatically upgraded your loaded checkpoint from v1.5.4 to v1.9.4. To apply the upgrade to your files permanently, run `python -m pytorch_lightning.utilities.upgrade_checkpoint --file LCDPNet/trained_on_ours.ckpt`
[2023-05-08 10:09:15,444][pytorch_lightning.utilities.migration.utils][INFO] - Lightning automatically upgraded your loaded checkpoint from v1.5.4 to v1.9.4. To apply the upgrade to your files permanently, run `python -m pytorch_lightning.utilities.upgrade_checkpoint --file LCDPNet/trained_on_ours.ckpt`
[2023-05-08 10:09:16,623][pytorch_lightning.utilities.migration.utils][INFO] - Lightning automatically upgraded your loaded checkpoint from v1.6.5 to v1.9.4. To apply the upgrade to your files permanently, run `python -m pytorch_lightning.utilities.upgrade_checkpoint --file LCDPNet/trained_on_MSEC.ckpt`
[2023-05-08 10:09:18,084][pytorch_lightning.utilities.migration.utils][INFO] - Lightning automatically upgraded your loaded checkpoint from v1.6.5 to v1.9.4. To apply the upgrade to your files permanently, run `python -m pytorch_lightning.utilities.upgrade_checkpoint --file LCDPNet/trained_on_MSEC.ckpt`
[2023-05-08 10:09:18,780][pytorch_lightning.utilities.migration.utils][INFO] - Lightning automatically upgraded your loaded checkpoint from v1.6.5 to v1.9.4. To apply the upgrade to your files permanently, run `python -m pytorch_lightning.utilities.upgrade_checkpoint --file LCDPNet/trained_on_MSEC.ckpt`
[2023-05-08 10:09:20,152][pytorch_lightning.utilities.migration.utils][INFO] - Lightning automatically upgraded your loaded checkpoint from v1.6.5 to v1.9.4. To apply the upgrade to your files permanently, run `python -m pytorch_lightning.utilities.upgrade_checkpoint --file LCDPNet/trained_on_MSEC.ckpt`
[2023-05-08 10:09:21,257][pytorch_lightning.utilities.migration.utils][INFO] - Lightning automatically upgraded your loaded checkpoint from v1.6.5 to v1.9.4. To apply the upgrade to your files permanently, run `python -m pytorch_lightning.utilities.upgrade_checkpoint --file LCDPNet/trained_on_MSEC.ckpt`
[2023-05-08 10:11:23,675][numexpr.utils][INFO] - Note: NumExpr detected 12 cores but "NUMEXPR_MAX_THREADS" not set, so enforcing safe limit of 8.
[2023-05-08 10:11:23,675][numexpr.utils][INFO] - NumExpr defaulting to 8 threads.
[2023-05-08 10:11:24,342][torch.distributed.nn.jit.instantiator][INFO] - Created a temporary directory at /tmp/tmpc2ybd3xy
[2023-05-08 10:11:24,342][torch.distributed.nn.jit.instantiator][INFO] - Writing /tmp/tmpc2ybd3xy/_remote_module_non_scriptable.py
